// Jest Snapshot v1, https://goo.gl/fbAQLP

exports[`Footer snapshot renders 1`] = `<div />`;
